// Jest Snapshot v1, https://goo.gl/fbAQLP

exports[`expect to render Card component 1`] = `
<Fragment>
  <CounterButton
    color="blue"
  />
  <h1
    className="f1"
  >
    RoboFriends
  </h1>
</Fragment>
`;
