// Jest Snapshot v1, https://goo.gl/fbAQLP

exports[`renders correctly 1`] = `
<div
  className="pa2"
>
  <input
    aria-label="Search robots"
    className="pa3 ba b--green bg-lightest-blue"
    onChange={[Function]}
    placeholder="search robots"
    type="search"
  />
</div>
`;
